
R version 4.0.0 (2020-04-24) -- "Arbor Day"
Copyright (C) 2020 The R Foundation for Statistical Computing
Platform: x86_64-pc-linux-gnu (64-bit)

R is free software and comes with ABSOLUTELY NO WARRANTY.
You are welcome to redistribute it under certain conditions.
Type 'license()' or 'licence()' for distribution details.

  Natural language support but running in an English locale

R is a collaborative project with many contributors.
Type 'contributors()' for more information and
'citation()' on how to cite R or R packages in publications.

Type 'demo()' for some demos, 'help()' for on-line help, or
'help.start()' for an HTML browser interface to help.
Type 'q()' to quit R.

[Previously saved workspace restored]

> #### Model set up #### 
> 
> ## Christian D
> ## 12/11/2020
> 
> ## Only local: 
> # setwd("J:/UEA/Oregon/Oproject/oregon_ada/results/RRR_test")
> # dir()
> 
> ## On ADA
> ## getwd() will be "/gpfs/home/hsp20azu"
> # with folders Oregon, etc... 
> setwd("~/oregon_ada/results/RRR_test")
> # dir()
> # rm(list = ls())
> 
> library(Hmsc)
Loading required package: coda
> 
> load(file = "models/unfitted_models.rdata") #models, modelnames
> #models
> 
> # trials
> # samples_list = c(5,100,250)
> # thin_list = c(1,5,10)
> 
> samples_list = c(5,50, 100)
> thin_list = c(1,5, 10)
> 
> # samples_list = c(5)
> # thin_list = c(1)
> 
> # number of iterations for each element above per chain
> (samples_list * thin_list) + ceiling(0.5*thin_list*samples_list)
[1]    8  375 1500
> # But will end up with samples_list  no of samples
> 
> # nChains = 2; Lst = 1; model = 1
> nChains <- 2
> 
> # for(Lst in 1:2){ # for first trials only 
> 
> for(Lst in 1:length(samples_list)){
+   
+   thin = thin_list[Lst]
+   samples = samples_list[Lst]
+   print(paste0("thin = ",as.character(thin),"; samples = ",as.character(samples)))
+   
+   nm = length(models)
+   
+   for (model in 1:nm) {
+     
+     print(paste0("model = ", modelnames[model]))
+     
+     m <- models[[model]]
+     
+     # catch errors here 
+     m <- try(sampleMcmc(m, samples = samples, thin=thin,
+                    # adaptNf=rep(ceiling(0.4*samples*thin), m$nr),# ...  almost same as default
+                    transient = ceiling(0.5*thin*samples), verbose = 0, # about 1/3 of samples
+                    nChains = nChains, nParallel = nChains))
+     
+     models[[model]] <- m
+   }
+   
+   filename <- paste("models/models_thin_", as.character(thin), # modFolder is from S00_pipeline
+                    "_samples_", as.character(samples),
+                    "_chains_",as.character(nChains),
+                    ".Rdata", sep = "")
+   
+   save(models, modelnames, file=filename)
+ }
[1] "thin = 1; samples = 5"
[1] "model = pa_sp_simple"
Setting updater$Gamma2=FALSE due to specified phylogeny matrix
[1] "model = pa_nsp_RRR_nc1"
Setting updater$Gamma2=FALSE due to specified phylogeny matrix
Setting updater$GammaEta=FALSE due to absence of random effects included to the model
[1] "model = pa_sp_RRR_nc1"
Setting updater$Gamma2=FALSE due to specified phylogeny matrix
[1] "model = pa_nsp_RRR_nc2"
Setting updater$Gamma2=FALSE due to specified phylogeny matrix
Setting updater$GammaEta=FALSE due to absence of random effects included to the model
[1] "model = pa_sp_RRR_nc2"
Setting updater$Gamma2=FALSE due to specified phylogeny matrix
[1] "thin = 5; samples = 50"
[1] "model = pa_sp_simple"
Setting updater$Gamma2=FALSE due to specified phylogeny matrix
[1] "model = pa_nsp_RRR_nc1"
Setting updater$Gamma2=FALSE due to specified phylogeny matrix
Setting updater$GammaEta=FALSE due to absence of random effects included to the model
[1] "model = pa_sp_RRR_nc1"
Setting updater$Gamma2=FALSE due to specified phylogeny matrix
[1] "model = pa_nsp_RRR_nc2"
Setting updater$Gamma2=FALSE due to specified phylogeny matrix
Setting updater$GammaEta=FALSE due to absence of random effects included to the model
[1] "model = pa_sp_RRR_nc2"
Setting updater$Gamma2=FALSE due to specified phylogeny matrix
[1] "thin = 10; samples = 100"
[1] "model = pa_sp_simple"
Setting updater$Gamma2=FALSE due to specified phylogeny matrix
[1] "model = pa_nsp_RRR_nc1"
Setting updater$Gamma2=FALSE due to specified phylogeny matrix
Setting updater$GammaEta=FALSE due to absence of random effects included to the model
[1] "model = pa_sp_RRR_nc1"
Setting updater$Gamma2=FALSE due to specified phylogeny matrix
[1] "model = pa_nsp_RRR_nc2"
Setting updater$Gamma2=FALSE due to specified phylogeny matrix
Setting updater$GammaEta=FALSE due to absence of random effects included to the model
[1] "model = pa_sp_RRR_nc2"
Setting updater$Gamma2=FALSE due to specified phylogeny matrix
> 
> 
> proc.time()
   user  system elapsed 
  6.943   1.354 566.146 
